// Jest Snapshot v1, https://goo.gl/fbAQLP

exports[`renders a Cell correctly 1`] = `
<button
  className="sc-bdVaJa iDzsfT"
/>
`;
